; file: /Users/jeffshrager/Desktop/raven/src/tensor-ops.lisp
; in: DEFUN MATMUL
;     (* I K)
; 
; note: forced to do */SIGNED=>INTEGER (cost 10)
;       unable to do inline fixnum arithmetic (cost 2) because:
;       The result is a (VALUES (MOD 21267647932558653952625854909203349507)
;                               &OPTIONAL), not a (VALUES FIXNUM &OPTIONAL).
;       unable to do inline (signed-byte 64) arithmetic (cost 4) because:
;       The result is a (VALUES (MOD 21267647932558653952625854909203349507)
;                               &OPTIONAL), not a (VALUES (SIGNED-BYTE 64)
;                                                         &OPTIONAL).

;     (+ (* I K) P)
; 
; note: forced to do GENERIC-+ (cost 10)
;       unable to do inline fixnum arithmetic (cost 2) because:
;       The first argument is a (MOD 21267647932558653952625854909203349507), not a FIXNUM.
;       The result is a (VALUES (MOD 21267647932558653957237540927630737409)
;                               &OPTIONAL), not a (VALUES FIXNUM &OPTIONAL).
;       unable to do inline (signed-byte 64) arithmetic (cost 4) because:
;       The first argument is a (MOD 21267647932558653952625854909203349507), not a (SIGNED-BYTE
;                                                                                    64).
;       The result is a (VALUES (MOD 21267647932558653957237540927630737409)
;                               &OPTIONAL), not a (VALUES (SIGNED-BYTE 64)
;                                                         &OPTIONAL).
;       etc.

;     (* I N)
; 
; note: forced to do */SIGNED=>INTEGER (cost 10)
;       unable to do inline fixnum arithmetic (cost 2) because:
;       The result is a (VALUES (MOD 21267647932558653952625854909203349507)
;                               &OPTIONAL), not a (VALUES FIXNUM &OPTIONAL).
;       unable to do inline (signed-byte 64) arithmetic (cost 4) because:
;       The result is a (VALUES (MOD 21267647932558653952625854909203349507)
;                               &OPTIONAL), not a (VALUES (SIGNED-BYTE 64)
;                                                         &OPTIONAL).

;     (+ (* I N) J)
; 
; note: forced to do GENERIC-+ (cost 10)
;       unable to do inline fixnum arithmetic (cost 2) because:
;       The first argument is a (MOD 21267647932558653952625854909203349507), not a FIXNUM.
;       The result is a (VALUES (MOD 21267647932558653957237540927630737409)
;                               &OPTIONAL), not a (VALUES FIXNUM &OPTIONAL).
;       unable to do inline (signed-byte 64) arithmetic (cost 4) because:
;       The first argument is a (MOD 21267647932558653952625854909203349507), not a (SIGNED-BYTE
;                                                                                    64).
;       The result is a (VALUES (MOD 21267647932558653957237540927630737409)
;                               &OPTIONAL), not a (VALUES (SIGNED-BYTE 64)
;                                                         &OPTIONAL).
;       etc.

;     (* P N)
; 
; note: forced to do */SIGNED=>INTEGER (cost 10)
;       unable to do inline fixnum arithmetic (cost 2) because:
;       The result is a (VALUES (MOD 21267647932558653952625854909203349507)
;                               &OPTIONAL), not a (VALUES FIXNUM &OPTIONAL).
;       unable to do inline (signed-byte 64) arithmetic (cost 4) because:
;       The result is a (VALUES (MOD 21267647932558653952625854909203349507)
;                               &OPTIONAL), not a (VALUES (SIGNED-BYTE 64)
;                                                         &OPTIONAL).

;     (+ (* P N) J)
; 
; note: forced to do GENERIC-+ (cost 10)
;       unable to do inline fixnum arithmetic (cost 2) because:
;       The first argument is a (MOD 21267647932558653952625854909203349507), not a FIXNUM.
;       The result is a (VALUES (MOD 21267647932558653957237540927630737409)
;                               &OPTIONAL), not a (VALUES FIXNUM &OPTIONAL).
;       unable to do inline (signed-byte 64) arithmetic (cost 4) because:
;       The first argument is a (MOD 21267647932558653952625854909203349507), not a (SIGNED-BYTE
;                                                                                    64).
;       The result is a (VALUES (MOD 21267647932558653957237540927630737409)
;                               &OPTIONAL), not a (VALUES (SIGNED-BYTE 64)
;                                                         &OPTIONAL).
;       etc.

; in: DEFUN BROADCAST-ADD!
;     (* I N)
; 
; note: forced to do */SIGNED=>INTEGER (cost 10)
;       unable to do inline fixnum arithmetic (cost 2) because:
;       The result is a (VALUES
;                        (INTEGER -21267647932558653957237540927630737408
;                         21267647932558653952625854909203349506)
;                        &OPTIONAL), not a (VALUES FIXNUM &OPTIONAL).
;       unable to do inline (signed-byte 64) arithmetic (cost 4) because:
;       The result is a (VALUES
;                        (INTEGER -21267647932558653957237540927630737408
;                         21267647932558653952625854909203349506)
;                        &OPTIONAL), not a (VALUES (SIGNED-BYTE 64) &OPTIONAL).

;     (+ ROW-BASE J)
; 
; note: forced to do GENERIC-+ (cost 10)
;       unable to do inline fixnum arithmetic (cost 2) because:
;       The first argument is a (INTEGER -21267647932558653957237540927630737408
;                                21267647932558653952625854909203349506), not a FIXNUM.
;       The result is a (VALUES
;                        (INTEGER -21267647932558653957237540927630737408
;                         21267647932558653957237540927630737407)
;                        &OPTIONAL), not a (VALUES FIXNUM &OPTIONAL).
;       unable to do inline (signed-byte 64) arithmetic (cost 4) because:
;       The first argument is a (INTEGER -21267647932558653957237540927630737408
;                                21267647932558653952625854909203349506), not a (SIGNED-BYTE
;                                                                                64).
;       The result is a (VALUES
;                        (INTEGER -21267647932558653957237540927630737408
;                         21267647932558653957237540927630737407)
;                        &OPTIONAL), not a (VALUES (SIGNED-BYTE 64) &OPTIONAL).
;       etc.

; in: DEFUN TRANSPOSE
;     (* J M)
; 
; note: forced to do */SIGNED=>INTEGER (cost 10)
;       unable to do inline fixnum arithmetic (cost 2) because:
;       The result is a (VALUES (MOD 21267647932558653952625854909203349507)
;                               &OPTIONAL), not a (VALUES FIXNUM &OPTIONAL).
;       unable to do inline (signed-byte 64) arithmetic (cost 4) because:
;       The result is a (VALUES (MOD 21267647932558653952625854909203349507)
;                               &OPTIONAL), not a (VALUES (SIGNED-BYTE 64)
;                                                         &OPTIONAL).

;     (+ (* J M) I)
; 
; note: forced to do GENERIC-+ (cost 10)
;       unable to do inline fixnum arithmetic (cost 2) because:
;       The first argument is a (MOD 21267647932558653952625854909203349507), not a FIXNUM.
;       The result is a (VALUES (MOD 21267647932558653957237540927630737409)
;                               &OPTIONAL), not a (VALUES FIXNUM &OPTIONAL).
;       unable to do inline (signed-byte 64) arithmetic (cost 4) because:
;       The first argument is a (MOD 21267647932558653952625854909203349507), not a (SIGNED-BYTE
;                                                                                    64).
;       The result is a (VALUES (MOD 21267647932558653957237540927630737409)
;                               &OPTIONAL), not a (VALUES (SIGNED-BYTE 64)
;                                                         &OPTIONAL).
;       etc.

;     (* I N)
; 
; note: forced to do */SIGNED=>INTEGER (cost 10)
;       unable to do inline fixnum arithmetic (cost 2) because:
;       The result is a (VALUES (MOD 21267647932558653952625854909203349507)
;                               &OPTIONAL), not a (VALUES FIXNUM &OPTIONAL).
;       unable to do inline (signed-byte 64) arithmetic (cost 4) because:
;       The result is a (VALUES (MOD 21267647932558653952625854909203349507)
;                               &OPTIONAL), not a (VALUES (SIGNED-BYTE 64)
;                                                         &OPTIONAL).

;     (+ (* I N) J)
; 
; note: forced to do GENERIC-+ (cost 10)
;       unable to do inline fixnum arithmetic (cost 2) because:
;       The first argument is a (MOD 21267647932558653952625854909203349507), not a FIXNUM.
;       The result is a (VALUES (MOD 21267647932558653957237540927630737409)
;                               &OPTIONAL), not a (VALUES FIXNUM &OPTIONAL).
;       unable to do inline (signed-byte 64) arithmetic (cost 4) because:
;       The first argument is a (MOD 21267647932558653952625854909203349507), not a (SIGNED-BYTE
;                                                                                    64).
;       The result is a (VALUES (MOD 21267647932558653957237540927630737409)
;                               &OPTIONAL), not a (VALUES (SIGNED-BYTE 64)
;                                                         &OPTIONAL).
;       etc.

; in: DEFUN SOFTMAX!
;     (/ 1.0 SUM)
; 
; note: unable to
;   open-code float conversion in mixed numeric operation
; due to type uncertainty:
;   The second argument is a (OR FLOAT (COMPLEX SINGLE-FLOAT)
;                                (COMPLEX DOUBLE-FLOAT)), not a DOUBLE-FLOAT.
; 
; note: unable to
;   open-code float conversion in mixed numeric operation
; due to type uncertainty:
;   The second argument is a (OR FLOAT (COMPLEX SINGLE-FLOAT)
;                                (COMPLEX DOUBLE-FLOAT)), not a (COMPLEX
;                                                                DOUBLE-FLOAT).
; 
; note: unable to
;   optimize
; due to type uncertainty:
;   The second argument is a (OR FLOAT (COMPLEX SINGLE-FLOAT)
;                                (COMPLEX DOUBLE-FLOAT)), not a (COMPLEX
;                                                                SINGLE-FLOAT).

;     (* (AREF AD (+ BASE J)) INV)
; 
; note: unable to
;   open-code float conversion in mixed numeric operation
; due to type uncertainty:
;   The second argument is a (OR FLOAT (COMPLEX SINGLE-FLOAT)
;                                (COMPLEX DOUBLE-FLOAT)), not a DOUBLE-FLOAT.
; 
; note: unable to
;   open-code float conversion in mixed numeric operation
; due to type uncertainty:
;   The second argument is a (OR FLOAT (COMPLEX SINGLE-FLOAT)
;                                (COMPLEX DOUBLE-FLOAT)), not a (COMPLEX
;                                                                DOUBLE-FLOAT).

;     (INCF SUM E)
; --> THE 
; ==>
;   (+ E SUM)
; 
; note: unable to
;   open-code float conversion in mixed numeric operation
; due to type uncertainty:
;   The second argument is a (OR FLOAT (COMPLEX SINGLE-FLOAT)
;                                (COMPLEX DOUBLE-FLOAT)), not a DOUBLE-FLOAT.
; 
; note: unable to
;   open-code float conversion in mixed numeric operation
; due to type uncertainty:
;   The second argument is a (OR FLOAT (COMPLEX SINGLE-FLOAT)
;                                (COMPLEX DOUBLE-FLOAT)), not a (COMPLEX
;                                                                DOUBLE-FLOAT).

;     (* I N)
; 
; note: forced to do */SIGNED=>INTEGER (cost 10)
;       unable to do inline fixnum arithmetic (cost 2) because:
;       The result is a (VALUES
;                        (INTEGER -21267647932558653957237540927630737408
;                         21267647932558653952625854909203349506)
;                        &OPTIONAL), not a (VALUES FIXNUM &OPTIONAL).
;       unable to do inline (signed-byte 64) arithmetic (cost 4) because:
;       The result is a (VALUES
;                        (INTEGER -21267647932558653957237540927630737408
;                         21267647932558653952625854909203349506)
;                        &OPTIONAL), not a (VALUES (SIGNED-BYTE 64) &OPTIONAL).

;     (INCF SUM E)
; --> THE 
; ==>
;   (+ E SUM)
; 
; note: forced to do GENERIC-+ (cost 10)
;       unable to do inline float arithmetic (cost 2) because:
;       The second argument is a (OR FLOAT (COMPLEX SINGLE-FLOAT)
;                                    (COMPLEX DOUBLE-FLOAT)), not a SINGLE-FLOAT.
;       The result is a (VALUES
;                        (OR FLOAT (COMPLEX SINGLE-FLOAT) (COMPLEX DOUBLE-FLOAT))
;                        &OPTIONAL), not a (VALUES SINGLE-FLOAT &OPTIONAL).
;       unable to do inline float arithmetic (cost 3) because:
;       The second argument is a (OR FLOAT (COMPLEX SINGLE-FLOAT)
;                                    (COMPLEX DOUBLE-FLOAT)), not a (COMPLEX
;                                                                    SINGLE-FLOAT).
;       The result is a (VALUES
;                        (OR FLOAT (COMPLEX SINGLE-FLOAT) (COMPLEX DOUBLE-FLOAT))
;                        &OPTIONAL), not a (VALUES (COMPLEX SINGLE-FLOAT)
;                                                  &OPTIONAL).

;     (/ 1.0 SUM)
; 
; note: forced to do full call
;       unable to do inline float arithmetic (cost 12) because:
;       The second argument is a (OR FLOAT (COMPLEX SINGLE-FLOAT)
;                                    (COMPLEX DOUBLE-FLOAT)), not a SINGLE-FLOAT.
;       The result is a (VALUES
;                        (OR FLOAT (COMPLEX SINGLE-FLOAT) (COMPLEX DOUBLE-FLOAT))
;                        &OPTIONAL), not a (VALUES SINGLE-FLOAT &OPTIONAL).

;     (* (AREF AD (+ BASE J)) INV)
; 
; note: forced to do GENERIC-* (cost 30)
;       unable to do inline float arithmetic (cost 4) because:
;       The second argument is a (OR FLOAT (COMPLEX SINGLE-FLOAT)
;                                    (COMPLEX DOUBLE-FLOAT)), not a (COMPLEX
;                                                                    SINGLE-FLOAT).
;       The result is a (VALUES
;                        (OR FLOAT (COMPLEX DOUBLE-FLOAT) (COMPLEX SINGLE-FLOAT))
;                        &OPTIONAL), not a (VALUES (COMPLEX SINGLE-FLOAT)
;                                                  &OPTIONAL).
;       unable to do inline float arithmetic (cost 4) because:
;       The second argument is a (OR FLOAT (COMPLEX SINGLE-FLOAT)
;                                    (COMPLEX DOUBLE-FLOAT)), not a SINGLE-FLOAT.
;       The result is a (VALUES
;                        (OR FLOAT (COMPLEX DOUBLE-FLOAT) (COMPLEX SINGLE-FLOAT))
;                        &OPTIONAL), not a (VALUES SINGLE-FLOAT &OPTIONAL).
; 
; compilation unit finished
;   printed 23 notes


; wrote /Users/jeffshrager/Desktop/raven/src/tensor-ops.fasl
; compilation finished in 0:00:00.674
Running tensor-ops tests...
All tensor-ops tests passed.
T
* 