Corpus: corpus/poeall.txt
Raw length: 2462799 characters

=== CASE-SENSITIVE ===
Total tokens:  572832
Unique tokens: 24806
Hapaxes (freq=1): 10256 (41.3% of vocab)
Compression:   23.09 tokens per unique
Coverage curve:
  50.%% covered by top 35 tokens (0.1%% of vocab)
  80.%% covered by top 978 tokens (3.9%% of vocab)
  90.%% covered by top 3493 tokens (14.1%% of vocab)
  95.%% covered by top 7553 tokens (30.4%% of vocab)
  99.%% covered by top 19078 tokens (76.9%% of vocab)
Top 20 tokens:
   1. ","             36688
   2. "-"             31998
   3. "
"             31937
   4. "the"           29050
   5. "of"            18238
   6. "."             17338
   7. "and"           11764
   8. "to"             9823
   9. "a"              9444
  10. "in"             8067
  11. "I"              7315
  12. "—"              6135
  13. "\""             5482
  14. "that"           4793
  15. "was"            4702
  16. "it"             3863
  17. "with"           3612
  18. "my"             3217
  19. "as"             3189
  20. "is"             3080

=== CASE-FOLDED ===
Total tokens:  572832
Unique tokens: 22259
Hapaxes (freq=1): 8646 (38.8% of vocab)
Compression:   25.73 tokens per unique
Coverage curve:
  50.%% covered by top 31 tokens (0.1%% of vocab)
  80.%% covered by top 834 tokens (3.7%% of vocab)
  90.%% covered by top 3058 tokens (13.7%% of vocab)
  95.%% covered by top 6596 tokens (29.6%% of vocab)
  99.%% covered by top 16531 tokens (74.3%% of vocab)
Top 20 tokens:
   1. ","             36688
   2. "-"             31998
   3. "
"             31937
   4. "the"           31484
   5. "of"            18466
   6. "."             17338
   7. "and"           12574
   8. "to"            10169
   9. "a"              9934
  10. "in"             8879
  11. "i"              7322
  12. "—"              6135
  13. "\""             5482
  14. "that"           5012
  15. "it"             4800
  16. "was"            4757
  17. "with"           3818
  18. "my"             3459
  19. "as"             3449
  20. "at"             3186

Full frequency tables written to results/logs/
T
