((:EVENT . :TRAINING-STARTED) (:ID . "20260830094045") (:AT . "20260830094045") (:SPEC :CORPUS-PATH "corpus/poeall.txt" :CONTEXT 64 :D-MODEL 64 :N-HEADS 4 :N-LAYERS 3 :D-FF 256 :EPS 1.0e-5 :LR 0.001 :STEPS 1000))
((:EVENT . :TRAINED) (:ID . "20260830094045") (:AT . "20260830094045") (:SPEC :CORPUS-PATH "corpus/poeall.txt" :CONTEXT 64 :D-MODEL 64 :N-HEADS 4 :N-LAYERS 3 :D-FF 256 :EPS 1.0e-5 :LR 0.001 :STEPS 1000) (:FINAL-LOSS . 2.4526343))
((:EVENT . :TRAINING-STARTED) (:ID . "20260830094210") (:AT . "20260830094210") (:SPEC :CORPUS-PATH "corpus/poeall.txt" :CONTEXT 64 :D-MODEL 64 :N-HEADS 4 :N-LAYERS 3 :D-FF 256 :EPS 1.0e-5 :LR 0.001 :STEPS 2000))
((:EVENT . :TRAINING-STARTED) (:ID . "20260830095200") (:AT . "20260830095200") (:SPEC :CORPUS-PATH "corpus/poeall.txt" :CONTEXT 64 :D-MODEL 64 :N-HEADS 4 :N-LAYERS 3 :D-FF 256 :EPS 1.0e-5 :LR 0.001 :STEPS 4000))
((:EVENT . :TRAINING-STARTED) (:ID . "20260830095326") (:AT . "20260830095326") (:SPEC :CORPUS-PATH "corpus/poeall.txt" :CONTEXT 64 :D-MODEL 64 :N-HEADS 4 :N-LAYERS 3 :D-FF 256 :EPS 1.0e-5 :LR 0.001 :STEPS 4000))
((:EVENT . :TRAINED) (:ID . "20260830095617") (:AT . "20260830095617") (:SPEC :CORPUS-PATH "corpus/poeall.txt" :CONTEXT 64 :D-MODEL 64 :N-HEADS 4 :N-LAYERS 3 :D-FF 256 :EPS 1.0e-5 :LR 0.001 :STEPS 2000) (:FINAL-LOSS . 2.3873734))
((:EVENT . :TRAINED) (:ID . "20260830095743") (:AT . "20260830095743") (:SPEC :CORPUS-PATH "corpus/poeall.txt" :CONTEXT 64 :D-MODEL 64 :N-HEADS 4 :N-LAYERS 3 :D-FF 256 :EPS 1.0e-5 :LR 0.001 :STEPS 3000) (:FINAL-LOSS . 2.323636))
((:EVENT . :TRAINED) (:ID . "20260830095326") (:AT . "20260830095326") (:SPEC :CORPUS-PATH "corpus/poeall.txt" :CONTEXT 64 :D-MODEL 64 :N-HEADS 4 :N-LAYERS 3 :D-FF 256 :EPS 1.0e-5 :LR 0.001 :STEPS 4000) (:FINAL-LOSS . 2.2785218))
((:EVENT . :EVALUATED) (:ID . "20260830094045") (:EXPERIMENT . "training-scan") (:RUN . "20260830095910") (:MEAN-NLL . 2.5758634))
((:EVENT . :EVALUATED) (:ID . "20260830095617") (:EXPERIMENT . "training-scan") (:RUN . "20260830095911") (:MEAN-NLL . 2.3281076))
((:EVENT . :EVALUATED) (:ID . "20260830095743") (:EXPERIMENT . "training-scan") (:RUN . "20260830095912") (:MEAN-NLL . 2.4052043))
((:EVENT . :EVALUATED) (:ID . "20260830095326") (:EXPERIMENT . "training-scan") (:RUN . "20260830095913") (:MEAN-NLL . 2.1552024))
((:EVENT . :TRAINING-STARTED) (:ID . "20260830101720") (:AT . "20260830101720") (:SPEC :CORPUS-PATH "corpus/poeall.txt" :CONTEXT 64 :D-MODEL 64 :N-HEADS 4 :N-LAYERS 3 :D-FF 256 :EPS 1.0e-5 :LR 0.001 :STEPS 5000))
((:EVENT . :TRAINED) (:ID . "20260830101720") (:AT . "20260830101720") (:SPEC :CORPUS-PATH "corpus/poeall.txt" :CONTEXT 64 :D-MODEL 64 :N-HEADS 4 :N-LAYERS 3 :D-FF 256 :EPS 1.0e-5 :LR 0.001 :STEPS 5000) (:FINAL-LOSS . 2.1964278))
((:EVENT . :EVALUATED) (:ID . "20260830094045") (:EXPERIMENT . "training-scan-5000") (:RUN . "20260830102433") (:MEAN-NLL . 2.5758634))
((:EVENT . :EVALUATED) (:ID . "20260830095617") (:EXPERIMENT . "training-scan-5000") (:RUN . "20260830102435") (:MEAN-NLL . 2.3281076))
((:EVENT . :EVALUATED) (:ID . "20260830095743") (:EXPERIMENT . "training-scan-5000") (:RUN . "20260830102436") (:MEAN-NLL . 2.4052043))
((:EVENT . :EVALUATED) (:ID . "20260830095326") (:EXPERIMENT . "training-scan-5000") (:RUN . "20260830102437") (:MEAN-NLL . 2.1552024))
((:EVENT . :EVALUATED) (:ID . "20260830101720") (:EXPERIMENT . "training-scan-5000") (:RUN . "20260830102438") (:MEAN-NLL . 2.1884584))
((:EVENT . :EVALUATED) (:ID . "20260830094045") (:EXPERIMENT . "training-scan-confirm") (:RUN . "20260830102549") (:MEAN-NLL . 2.5758634))
((:EVENT . :EVALUATED) (:ID . "20260830095617") (:EXPERIMENT . "training-scan-confirm") (:RUN . "20260830102550") (:MEAN-NLL . 2.3281076))
((:EVENT . :EVALUATED) (:ID . "20260830095743") (:EXPERIMENT . "training-scan-confirm") (:RUN . "20260830102551") (:MEAN-NLL . 2.4052043))
((:EVENT . :EVALUATED) (:ID . "20260830095326") (:EXPERIMENT . "training-scan-confirm") (:RUN . "20260830102552") (:MEAN-NLL . 2.1552024))
